==========================================================
主包体积模拟 (packOptions.ignore rule count = 31)
ROOT = C:\Users\Administrator\Desktop\Wechat projects\m24
==========================================================
INCLUDED (进包): 89 files, 1515.1 KB
EXCLUDED (被排除): 78 items, 9352.6 KB
总原始: 10867.8 KB

--- INCLUDED TOP 30 ---
     88.27 KB  images/cards/heart-K.png
     84.97 KB  images/cards/diamond-K.png
     84.83 KB  images/cards/club-Q.png
     81.36 KB  images/cards/heart-J.png
     80.99 KB  images/cards/club-K.png
     80.36 KB  images/cards/heart-Q.png
     79.12 KB  images/cards/diamond-J.png
     78.13 KB  images/cards/spade-J.png
     74.61 KB  images/cards/club-J.png
     72.78 KB  images/cards/spade-K.png
     72.04 KB  images/cards/spade-Q.png
     70.67 KB  images/cards/diamond-Q.png
     23.69 KB  js/ui/PageRenderer.js
     21.47 KB  js/core/Solver.js
     15.44 KB  images/cards/club-A.png
     15.40 KB  images/cards/heart-10.png
     15.36 KB  images/cards/diamond-10.png
     15.08 KB  images/cards/heart-A.png
     14.29 KB  images/cards/diamond-9.png
     14.27 KB  images/cards/heart-9.png
     14.01 KB  images/cards/spade-A.png
     13.40 KB  images/cards/heart-8.png
     13.39 KB  js/ui/AnswerArea.js
     13.07 KB  images/cards/diamond-8.png
     12.75 KB  images/cards/club-10.png
     12.11 KB  images/cards/joker-big.png
     12.00 KB  images/cards/diamond-A.png
     11.71 KB  images/cards/spade-10.png
     11.64 KB  images/cards/club-9.png
     11.24 KB  images/cards/heart-7.png

--- EXCLUDED TOP 15 ---
   5724.16 KB  .git  (folder:.git)
   2936.05 KB  output  (folder:output)
    202.58 KB  tester  (folder:tester)
    165.21 KB  screenshots_input04  (folder:screenshots_input04)
     49.26 KB  scripts  (folder:scripts)
     24.47 KB  tools  (folder:tools)
     22.26 KB  tester-check-INPUT03-copy.mjs  (regexp:^tester-.*\.(mjs|js|log)$)
     21.47 KB  js/core/Solver.mjs  (regexp:.*\.mjs$)
     10.59 KB  CardRenderer.js.2a7876a  (regexp:.*\.[0-9a-f]{7,}$)
     10.59 KB  CardRenderer.js.757d3ad  (regexp:.*\.[0-9a-f]{7,}$)
      9.71 KB  tester-INPUT04-solver.mjs  (regexp:^tester-.*\.(mjs|js|log)$)
      9.59 KB  selftest_input05_regression.log  (regexp:^selftest_.*\.(mjs|js|log)$)
      9.36 KB  selftest_bugfix_solver.mjs  (regexp:^selftest_.*\.(mjs|js|log)$)
      9.09 KB  _all_files.txt  (regexp:^_[^/]*$)
      8.71 KB  js/core/GameCore.mjs  (regexp:.*\.mjs$)

==========================================================
主包预计大小: 1515.1 KB  (1.48 MB)
4MB 上限余量: 2580.9 KB
目标 3.5MB 余量: 2068.9 KB
==========================================================
PASS
